warning: no function to merge nonterminal 98
warning: no function to merge nonterminal 98
warning: no function to merge nonterminal 98
warning: no function to merge nonterminal 98
warning: no function to merge nonterminal 108
warning: no function to merge nonterminal 108
warning: no function to merge nonterminal 108
warning: no function to merge nonterminal 108
warning: no function to merge nonterminal 108
warning: no function to merge nonterminal 108
warning: no function to merge nonterminal 108
warning: no function to merge nonterminal 108
warning: no function to merge nonterminal 108
warning: no function to merge nonterminal 108
warning: no function to merge nonterminal 95
warning: no function to merge nonterminal 95
warning: no function to merge nonterminal 95
warning: no function to merge nonterminal 95
warning: no function to merge nonterminal 98
warning: no function to merge nonterminal 98
warning: no function to merge nonterminal 98
warning: no function to merge nonterminal 98
warning: no function to merge nonterminal 98
warning: no function to merge nonterminal 98
warning: no function to merge nonterminal 98
warning: no function to merge nonterminal 98
warning: no function to merge nonterminal 98
warning: no function to merge nonterminal 98
warning: no function to merge nonterminal 98
warning: no function to merge nonterminal 98
warning: no function to merge nonterminal 98
warning: no function to merge nonterminal 98
warning: no function to merge nonterminal 98
warning: no function to merge nonterminal 98
warning: no function to merge nonterminal 98
warning: no function to merge nonterminal 98
warning: no function to merge nonterminal 98
warning: no function to merge nonterminal 98
warning: no function to merge nonterminal 98
warning: no function to merge nonterminal 98
warning: no function to merge nonterminal 98
warning: no function to merge nonterminal 95
warning: no function to merge nonterminal 95
warning: no function to merge nonterminal 95
warning: no function to merge nonterminal 95
warning: no function to merge nonterminal 95
warning: no function to merge nonterminal 95
warning: no function to merge nonterminal 95
warning: no function to merge nonterminal 95
warning: no function to merge nonterminal 95
warning: no function to merge nonterminal 52
warning: no function to merge nonterminal 52
warning: no function to merge nonterminal 52
warning: no function to merge nonterminal 52
warning: no function to merge nonterminal 98
warning: no function to merge nonterminal 98
warning: no function to merge nonterminal 98
warning: no function to merge nonterminal 98
warning: no function to merge nonterminal 98
warning: no function to merge nonterminal 98
warning: no function to merge nonterminal 98
warning: no function to merge nonterminal 98
warning: no function to merge nonterminal 98
warning: no function to merge nonterminal 98
warning: no function to merge nonterminal 98
warning: no function to merge nonterminal 98
warning: no function to merge nonterminal 98
warning: no function to merge nonterminal 98
warning: no function to merge nonterminal 98
warning: no function to merge nonterminal 98
warning: no function to merge nonterminal 98
warning: no function to merge nonterminal 98
warning: no function to merge nonterminal 98
warning: no function to merge nonterminal 98
warning: no function to merge nonterminal 98
warning: no function to merge nonterminal 98
warning: no function to merge nonterminal 98
warning: no function to merge nonterminal 98
warning: no function to merge nonterminal 98
warning: no function to merge nonterminal 98
warning: no function to merge nonterminal 98
warning: no function to merge nonterminal 98
warning: no function to merge nonterminal 98
warning: no function to merge nonterminal 98
warning: no function to merge nonterminal 98
warning: no function to merge nonterminal 98
warning: no function to merge nonterminal 98
warning: no function to merge nonterminal 98
warning: no function to merge nonterminal 98
warning: no function to merge nonterminal 98
warning: no function to merge nonterminal 98
warning: no function to merge nonterminal 98
warning: no function to merge nonterminal 98
warning: no function to merge nonterminal 98
warning: no function to merge nonterminal 98
warning: no function to merge nonterminal 98
warning: no function to merge nonterminal 98
warning: no function to merge nonterminal 98
warning: no function to merge nonterminal 98
warning: no function to merge nonterminal 98
warning: no function to merge nonterminal 98
warning: no function to merge nonterminal 98
warning: no function to merge nonterminal 98
warning: no function to merge nonterminal 98
warning: no function to merge nonterminal 98
warning: no function to merge nonterminal 98
warning: no function to merge nonterminal 98
warning: no function to merge nonterminal 98
stack nodes: num=0 max=110
detShift:     50428
detReduce:    174846
nondetShift:  41651
nondetReduce: 242665
