In state 111, I expected one of these tokens:
  [21] delete
  [41] new
  [73] (
  [75] [
  [77] ->
  [80] !
  [81] ~
  [82] +
  [83] -
  [84] ++
  [85] --
  [86] &
  [87] *
  [89] ->*
  [90] /
  [91] %
  [92] <<
  [93] >>
  [94] <
  [95] <=
  [96] >
  [97] >=
  [98] ==
  [99] !=
  [100] ^
  [101] |
  [102] &&
  [103] ||
  [106] =
  [107] *=
  [108] /=
  [109] %=
  [110] +=
  [111] -=
  [112] &=
  [113] ^=
  [114] |=
  [115] <<=
  [116] >>=
  [117] ,
  [144] <?
  [145] >?
Parse error (state 111) at int
