warning: no function to merge nonterminal 74
warning: no function to merge nonterminal 74
warning: no function to merge nonterminal 74
warning: no function to merge nonterminal 74
warning: no function to merge nonterminal 74
warning: no function to merge nonterminal 74
warning: no function to merge nonterminal 74
warning: no function to merge nonterminal 74
warning: no function to merge nonterminal 74
warning: no function to merge nonterminal 74
warning: no function to merge nonterminal 74
warning: no function to merge nonterminal 74
warning: no function to merge nonterminal 74
warning: no function to merge nonterminal 74
warning: no function to merge nonterminal 74
warning: no function to merge nonterminal 52
warning: no function to merge nonterminal 52
warning: no function to merge nonterminal 52
warning: no function to merge nonterminal 52
warning: no function to merge nonterminal 52
warning: no function to merge nonterminal 52
warning: no function to merge nonterminal 50
stack nodes: num=0 max=137
detShift:     6
detReduce:    29
nondetShift:  222
nondetReduce: 2840
